
> keynotes@0.1.0 build
> next build

   Γû▓ Next.js 15.5.3
   - Environments: .env.local, .env

   Creating an optimized production build ...
 Γ£ô Compiled successfully in 7.1s
   Linting and checking validity of types ...
